=== RUN   TestAuditStartupShouldSelectNewestSession
    reputation_audit_test.go:28: same-device restores "oldest"; want newest session
    reputation_audit_test.go:28: sekey:same-key restores "oldest"; want newest session
--- FAIL: TestAuditStartupShouldSelectNewestSession (0.00s)
=== RUN   TestAuditReconnectShouldRestoreLatestReputation
    reputation_audit_test.go:45: reconnect restored 10 jobs; latest persisted session has 100
--- FAIL: TestAuditReconnectShouldRestoreLatestReputation (0.00s)
=== RUN   TestAuditPersistMustNotRegressCounters
    reputation_audit_test.go:77: late older write reduced durable jobs to 1; live jobs=2
--- FAIL: TestAuditPersistMustNotRegressCounters (0.00s)
=== RUN   TestAuditScoreExamples
    reputation_audit_test.go:89: one success -> 1.000000
    reputation_audit_test.go:89: 100k successes -> 1.000000
    reputation_audit_test.go:89: half fail -> 0.800000
    reputation_audit_test.go:89: 100k good then 100 failures -> 0.999600
--- PASS: TestAuditScoreExamples (0.00s)
=== RUN   TestAuditIntermittentFault503RemainsPreferred
    reputation_audit_test.go:109: selected=fast-unreliable, candidate_count=2, breaker_open=false, ejected=false, capacity_penalty=0
--- PASS: TestAuditIntermittentFault503RemainsPreferred (0.00s)
=== RUN   TestAuditNodeHalfOpenAllowsMultipleRequests
    reputation_audit_test.go:124: simultaneous reservations to half-open provider before any outcome=2
--- PASS: TestAuditNodeHalfOpenAllowsMultipleRequests (0.00s)
FAIL
FAIL	github.com/eigeninference/d-inference/coordinator/registry	0.708s
FAIL
