1 0
2 17
3 19
4 15
6 13
7 15
8 11
9 11
10 12
11 11
12 6
13 11
14 11
15 14
16 16
17 24
18 20
19 19
20 26
21 19
22 16
23 16
24 13
25 13
26 14
28 10
29 17
30 25
31 20
32 19
33 18
34 21
35 20
36 16
37 15
38 19
39 13
40 11
41 12
42 11
43 9
44 9
45 10
46 18
47 16
48 18
49 21
50 13
52 18
53 15
54 18
55 14
56 13
57 13
58 14
59 14
60 12
61 12
62 16
63 12
64 15
65 17
66 12
67 16
68 19
69 14
70 14
71 12
72 17
74 17
75 16
76 15
77 14
78 19
79 18
80 24
81 16
82 21
83 16
84 12
85 11
86 13
87 24
88 18
89 16
90 14
91 10
93 13
94 14
95 15
96 13
97 11
98 19
99 17
100 15
101 9
102 10
103 10
104 13
105 14
106 15
107 16
108 10
109 6
110 10
111 12
112 14
113 13
115 17
116 21
117 23
118 21
119 20
120 19
121 19
122 24
123 15
124 22
125 20
126 18
127 19
128 17
129 19
130 29
131 28
132 39
133 17
134 31
135 27
136 19
137 25
139 20
140 17
141 13
142 14
143 16
144 14
145 12
146 15
147 19
148 14
149 12
150 10
151 10
152 11
153 14
154 18
155 12
156 15
157 23
158 18
159 22
160 21
162 21
163 19
164 15
165 17
166 16
167 17
168 14
169 11
170 7
171 7
172 10
173 13
174 13
175 11
176 11
177 11
178 16
179 21
180 23
181 29
182 30
183 26
184 26
186 17
187 29
188 27
189 21
190 17
191 25
192 21
193 26
194 24
195 16
196 20
197 20
198 17
199 20
200 24
201 26
202 28
203 17
204 17
205 21
206 27
207 25
208 15
209 15
211 12
212 13
213 13
214 8
215 19
216 12
217 13
218 16
219 22
220 21
221 14
222 24
223 19
224 19
225 23
226 29
227 32
228 29
229 25
230 31
231 24
232 20
234 30
235 18
236 12
237 13
238 13
239 14
240 11
241 11
242 12
243 13
244 17
245 15
246 22
247 17
248 18
249 11
250 15
251 16
252 17
253 16
254 16
256 13
257 16
258 17
259 15
260 23
261 27
262 20
263 17
264 18
265 18
266 27
267 26
268 33
269 31
270 26
271 15
272 18
273 25
274 24
275 30
276 23
277 0
278 0
279 0
281 0
