1 0
2 15
3 12
4 19
5 22
6 20
7 22
8 16
9 7
11 7
12 7
13 7
14 7
15 8
16 13
17 18
18 17
19 15
20 17
21 18
22 17
23 35
24 44
25 41
26 31
27 19
28 27
29 28
30 52
31 31
32 33
33 23
35 30
36 25
37 27
38 26
39 20
40 34
41 25
42 32
43 40
44 28
45 20
46 17
47 19
48 27
49 29
50 23
51 23
52 56
53 39
54 42
55 34
56 40
58 30
59 31
60 21
61 13
62 19
63 17
64 21
65 27
66 35
67 15
68 17
69 17
70 20
71 20
72 22
73 15
74 13
75 13
76 11
77 16
78 18
79 14
80 11
81 13
83 10
84 10
85 10
86 12
87 12
88 7
89 11
90 15
91 15
92 12
93 7
94 13
95 9
96 11
97 13
98 13
99 8
100 12
101 10
102 10
103 11
104 11
106 11
107 13
108 10
109 11
110 7
111 11
112 10
113 10
114 9
115 9
116 10
117 10
118 10
119 14
120 14
121 12
122 10
123 10
124 10
125 12
126 11
127 10
129 9
130 8
131 4
132 7
133 9
134 10
135 10
136 10
137 9
138 10
139 10
140 10
141 9
142 9
143 9
144 11
145 10
146 10
147 11
148 12
149 13
150 14
151 14
153 11
154 16
155 14
156 17
157 14
158 11
159 11
160 13
161 16
162 16
163 14
164 16
165 19
166 16
167 13
168 12
169 11
170 6
171 13
172 20
173 17
174 14
175 14
177 9
178 13
179 10
180 11
181 10
182 11
183 11
184 8
185 22
186 18
187 20
188 28
189 41
190 19
191 17
192 19
193 13
194 20
195 17
196 18
197 13
198 11
199 20
201 19
202 16
203 13
204 13
205 14
206 16
207 22
208 18
209 20
210 18
211 19
212 15
213 14
214 15
215 14
216 16
217 9
218 12
219 20
220 26
221 19
222 20
224 25
225 19
226 19
227 18
228 18
229 17
230 19
231 19
232 19
233 18
234 15
235 16
236 16
237 15
238 14
239 16
240 14
241 8
242 12
243 12
244 13
245 12
247 12
248 12
249 12
250 14
251 17
252 18
253 18
254 19
255 19
256 22
257 22
258 22
259 19
260 24
261 30
262 37
263 31
264 27
265 29
266 24
267 39
269 39
270 31
271 24
272 18
273 18
274 13
275 17
276 12
277 12
278 13
279 15
280 19
281 0
282 0
283 0
284 0
