chunk 1/1: {"key":"runs/2026-09-01-r1/chunked/shard-01-part-01.bin","size":67108864,"created":true}
chunk 1/2: {"key":"runs/2026-09-01-r1/chunked/shard-01-part-02.bin","size":67108864,"created":true}
chunk 1/3: {"key":"runs/2026-09-01-r1/chunked/shard-01-part-03.bin","size":67108864,"created":true}
chunk 1/4: {"key":"runs/2026-09-01-r1/chunked/shard-01-part-04.bin","size":67108864,"created":true}
chunk 1/5: {"key":"runs/2026-09-01-r1/chunked/shard-01-part-05.bin","size":67108864,"created":true}
chunk 1/6: {"key":"runs/2026-09-01-r1/chunked/shard-01-part-06.bin","size":67108864,"created":true}
chunk 1/7: {"key":"runs/2026-09-01-r1/chunked/shard-01-part-07.bin","size":67108864,"created":true}
chunk 1/8: {"key":"runs/2026-09-01-r1/chunked/shard-01-part-08.bin","size":67108864,"created":true}
chunk 1/9: {"key":"runs/2026-09-01-r1/chunked/shard-01-part-09.bin","size":67108864,"created":true}
chunk 1/10: {"key":"runs/2026-09-01-r1/chunked/shard-01-part-10.bin","size":67108864,"created":true}
chunk 1/11: {"key":"runs/2026-09-01-r1/chunked/shard-01-part-11.bin","size":67108864,"created":true}
chunk 1/12: {"key":"runs/2026-09-01-r1/chunked/shard-01-part-12.bin","size":67108864,"created":true}
chunk 1/13: {"key":"runs/2026-09-01-r1/chunked/shard-01-part-13.bin","size":67108864,"created":true}
chunk 1/14: {"key":"runs/2026-09-01-r1/chunked/shard-01-part-14.bin","size":67108864,"created":true}
chunk 1/15: {"key":"runs/2026-09-01-r1/chunked/shard-01-part-15.bin","size":67108864,"created":true}
chunk 1/16: {"key":"runs/2026-09-01-r1/chunked/shard-01-part-16.bin","size":67108864,"created":true}
large 1 init: {"key":"runs/2026-09-01-r1/large/shard-01.bin","uploadId":"AAOgNuHkru2i_2RqOs-OsIU-A-06YvtijqRNDw6W2YYNozT2Xrkx0bpgi_WLEZ-DQ2hC4aQhqLfo-Hnm1SyNCEmhoSeV6GD64BkyMxLlYv01-r9RbOUQEv37hwtdM2auXDz8rAkbfJw3iolgzjjQc0o1nIDAw9QA-ncVAQjnC2VtB0bLHgVvfQjcPBW-R68FJbiyPrwJloDS4lKb2udNZIffvxEaBz1qfifAnix7etKqXS2z7gcEIB9fjEEiYpP1s8TLp1Y7v3ARs8xFNgjzG1WEL6M_Y5MFE2Otl8sBCICVfUt8ry8wQYgH7_7InL6rTbLt2UZWqKAU_a0irGPYBmY","created":true}
large 1 part 1: {"key":"runs/2026-09-01-r1/large/shard-01.bin","partNumber":1,"etag":"70c23236d37fe68cb37c78cd3d64277a"}
large 1 part 2: {"key":"runs/2026-09-01-r1/large/shard-01.bin","partNumber":2,"etag":"1d70be13223d8d4bfd080cfaed5a40c3"}
large 1 part 3: {"key":"runs/2026-09-01-r1/large/shard-01.bin","partNumber":3,"etag":"0e1ff2969d3999a4b6f298ac2b0c9d10"}
large 1 part 4: {"key":"runs/2026-09-01-r1/large/shard-01.bin","partNumber":4,"etag":"b687d016fb0f9ff86b69c61e432bda06"}
large 1 part 5: {"key":"runs/2026-09-01-r1/large/shard-01.bin","partNumber":5,"etag":"bc740744282c2828d00c7bc18021f71c"}
large 1 part 6: {"key":"runs/2026-09-01-r1/large/shard-01.bin","partNumber":6,"etag":"5080c02abc30c20dc4164ffe700aaee2"}
large 1 part 7: {"key":"runs/2026-09-01-r1/large/shard-01.bin","partNumber":7,"etag":"d8eded82d488e99d1f35f80f8da4c1c2"}
large 1 part 8: {"key":"runs/2026-09-01-r1/large/shard-01.bin","partNumber":8,"etag":"b23627c13833086a34150e075b4f1804"}
large 1 part 9: {"key":"runs/2026-09-01-r1/large/shard-01.bin","partNumber":9,"etag":"6270bb887128247a8094d6a5dbfd90ea"}
large 1 part 10: {"key":"runs/2026-09-01-r1/large/shard-01.bin","partNumber":10,"etag":"292271b5825665b9b0de853ef92730b3"}
large 1 part 11: {"key":"runs/2026-09-01-r1/large/shard-01.bin","partNumber":11,"etag":"fbcbb80317e8583dc53ad0da3733a20f"}
large 1 part 12: {"key":"runs/2026-09-01-r1/large/shard-01.bin","partNumber":12,"etag":"78a7d29f4d32baf9636132a0c2159baf"}
large 1 part 13: {"key":"runs/2026-09-01-r1/large/shard-01.bin","partNumber":13,"etag":"0375d584c4bb03f290a032841473a99c"}
large 1 part 14: {"key":"runs/2026-09-01-r1/large/shard-01.bin","partNumber":14,"etag":"31873f8d3a520bcc528499a9200308fe"}
large 1 part 15: {"key":"runs/2026-09-01-r1/large/shard-01.bin","partNumber":15,"etag":"6b82210d42a0d6df22413400ca4467a9"}
large 1 part 16: {"key":"runs/2026-09-01-r1/large/shard-01.bin","partNumber":16,"etag":"7a6f322f384059d1777005d9b7960092"}
large 1 complete: {"key":"runs/2026-09-01-r1/large/shard-01.bin","size":1073741824}
chunk 2/1: {"key":"runs/2026-09-01-r1/chunked/shard-02-part-01.bin","size":67108864,"created":true}
chunk 2/2: {"key":"runs/2026-09-01-r1/chunked/shard-02-part-02.bin","size":67108864,"created":true}
chunk 2/3: {"key":"runs/2026-09-01-r1/chunked/shard-02-part-03.bin","size":67108864,"created":true}
chunk 2/4: {"key":"runs/2026-09-01-r1/chunked/shard-02-part-04.bin","size":67108864,"created":true}
chunk 2/5: {"key":"runs/2026-09-01-r1/chunked/shard-02-part-05.bin","size":67108864,"created":true}
chunk 2/6: {"key":"runs/2026-09-01-r1/chunked/shard-02-part-06.bin","size":67108864,"created":true}
chunk 2/7: {"key":"runs/2026-09-01-r1/chunked/shard-02-part-07.bin","size":67108864,"created":true}
chunk 2/8: {"key":"runs/2026-09-01-r1/chunked/shard-02-part-08.bin","size":67108864,"created":true}
chunk 2/9: {"key":"runs/2026-09-01-r1/chunked/shard-02-part-09.bin","size":67108864,"created":true}
chunk 2/10: {"key":"runs/2026-09-01-r1/chunked/shard-02-part-10.bin","size":67108864,"created":true}
chunk 2/11: {"key":"runs/2026-09-01-r1/chunked/shard-02-part-11.bin","size":67108864,"created":true}
chunk 2/12: {"key":"runs/2026-09-01-r1/chunked/shard-02-part-12.bin","size":67108864,"created":true}
chunk 2/13: {"key":"runs/2026-09-01-r1/chunked/shard-02-part-13.bin","size":67108864,"created":true}
chunk 2/14: {"key":"runs/2026-09-01-r1/chunked/shard-02-part-14.bin","size":67108864,"created":true}
chunk 2/15: {"key":"runs/2026-09-01-r1/chunked/shard-02-part-15.bin","size":67108864,"created":true}
chunk 2/16: {"key":"runs/2026-09-01-r1/chunked/shard-02-part-16.bin","size":67108864,"created":true}
large 2 init: {"key":"runs/2026-09-01-r1/large/shard-02.bin","uploadId":"AEiEkdi3qy7MJaqKamVdurcb78bnZbM6WDlMTOGCbMIiMot4STrv1u7nMa4Xn9JQZXdlPV3nm2_Vt4pKuaYjNATZdCC6JF5wq2UarTNiXYX_hEEs0bhNXlLdBh9tY8u-jOoya_tTNEKxew3EYL3_0Qn4z8DS5d2H04rbDWeLXw3TAOlSHJ0g4ZW65ZqzTKENFWto82ju7bgqj_eZCp5Efm3PhLpsHyb3OstO1t6iD1vfh7PjvxwV225Yv6xPDkL5XJ0E_By6PSQcL2YluTgEP9243alrQSXOi--guCFhAYxxmhIbyyhlwSeWdjbJXXCYDSUXWj3zoraVTFYclLPSEN4","created":true}
large 2 part 1: {"key":"runs/2026-09-01-r1/large/shard-02.bin","partNumber":1,"etag":"3a02eb7da36ad49b9a2cb4f57acdb988"}
large 2 part 2: {"key":"runs/2026-09-01-r1/large/shard-02.bin","partNumber":2,"etag":"5bc24b224c4d2f60bed0a8122234a283"}
large 2 part 3: {"key":"runs/2026-09-01-r1/large/shard-02.bin","partNumber":3,"etag":"1dacc0cdc9e6a72fb05a55b23328e389"}
large 2 part 4: {"key":"runs/2026-09-01-r1/large/shard-02.bin","partNumber":4,"etag":"de954152135bfe5d4607ad01e3f8507b"}
large 2 part 5: {"key":"runs/2026-09-01-r1/large/shard-02.bin","partNumber":5,"etag":"de217afda1747414de2a42d5c3f2faca"}
large 2 part 6: {"key":"runs/2026-09-01-r1/large/shard-02.bin","partNumber":6,"etag":"e5508be8f126a50dc973b7fb31e291fd"}
large 2 part 7: {"key":"runs/2026-09-01-r1/large/shard-02.bin","partNumber":7,"etag":"6db94c460ee0a9a9a5c8253165945c5d"}
large 2 part 8: {"key":"runs/2026-09-01-r1/large/shard-02.bin","partNumber":8,"etag":"cd62b73cb4aeef90fcb38729aacfcb2c"}
large 2 part 9: {"key":"runs/2026-09-01-r1/large/shard-02.bin","partNumber":9,"etag":"4845ebede96fdd9a8a8e4acf305e8cc8"}
large 2 part 10: {"key":"runs/2026-09-01-r1/large/shard-02.bin","partNumber":10,"etag":"d387a8a0d4ccc8de14a88cd1854c6362"}
large 2 part 11: {"key":"runs/2026-09-01-r1/large/shard-02.bin","partNumber":11,"etag":"504c63c61d959bd78f8bdd3765970ac8"}
large 2 part 12: {"key":"runs/2026-09-01-r1/large/shard-02.bin","partNumber":12,"etag":"5d3059f4366e4addec35b53631275c68"}
large 2 part 13: {"key":"runs/2026-09-01-r1/large/shard-02.bin","partNumber":13,"etag":"2f63b5e153d0da3198efdced9bad1d6f"}
large 2 part 14: {"key":"runs/2026-09-01-r1/large/shard-02.bin","partNumber":14,"etag":"3e296fb150c6822bc63433a750e54d7f"}
large 2 part 15: {"key":"runs/2026-09-01-r1/large/shard-02.bin","partNumber":15,"etag":"bf12f536d5d3d50af3f7db1b1a60d47b"}
large 2 part 16: {"key":"runs/2026-09-01-r1/large/shard-02.bin","partNumber":16,"etag":"14abc2d038762c42b38186e2c4472f09"}
large 2 complete: {"key":"runs/2026-09-01-r1/large/shard-02.bin","size":1073741824}
chunk 3/1: {"key":"runs/2026-09-01-r1/chunked/shard-03-part-01.bin","size":67108864,"created":true}
chunk 3/2: {"key":"runs/2026-09-01-r1/chunked/shard-03-part-02.bin","size":67108864,"created":true}
chunk 3/3: {"key":"runs/2026-09-01-r1/chunked/shard-03-part-03.bin","size":67108864,"created":true}
chunk 3/4: {"key":"runs/2026-09-01-r1/chunked/shard-03-part-04.bin","size":67108864,"created":true}
chunk 3/5: {"key":"runs/2026-09-01-r1/chunked/shard-03-part-05.bin","size":67108864,"created":true}
chunk 3/6: {"key":"runs/2026-09-01-r1/chunked/shard-03-part-06.bin","size":67108864,"created":true}
chunk 3/7: {"key":"runs/2026-09-01-r1/chunked/shard-03-part-07.bin","size":67108864,"created":true}
chunk 3/8: {"key":"runs/2026-09-01-r1/chunked/shard-03-part-08.bin","size":67108864,"created":true}
chunk 3/9: {"key":"runs/2026-09-01-r1/chunked/shard-03-part-09.bin","size":67108864,"created":true}
chunk 3/10: {"key":"runs/2026-09-01-r1/chunked/shard-03-part-10.bin","size":67108864,"created":true}
chunk 3/11: {"key":"runs/2026-09-01-r1/chunked/shard-03-part-11.bin","size":67108864,"created":true}
chunk 3/12: {"key":"runs/2026-09-01-r1/chunked/shard-03-part-12.bin","size":67108864,"created":true}
chunk 3/13: {"key":"runs/2026-09-01-r1/chunked/shard-03-part-13.bin","size":67108864,"created":true}
chunk 3/14: {"key":"runs/2026-09-01-r1/chunked/shard-03-part-14.bin","size":67108864,"created":true}
chunk 3/15: {"key":"runs/2026-09-01-r1/chunked/shard-03-part-15.bin","size":67108864,"created":true}
chunk 3/16: {"key":"runs/2026-09-01-r1/chunked/shard-03-part-16.bin","size":67108864,"created":true}
large 3 init: {"key":"runs/2026-09-01-r1/large/shard-03.bin","uploadId":"ALNbodsvrhX6bUGuInAfnppAHKPXQcMk-ifE0cgNFV_SntrXbZiredY_fB_Dzr8HP82Xyb_syL2y9HkK4eFEmadLWcUtEjCqpMXTPkwx__qKSAy4uqW23IGaf_-8r9UHHXWzEI_nYSo2kgUdxgUgLmbXROr6cXk2_SGMszaY6gTSvyvdwD5MbUxJiwEW6KWhMxInA3V7RnGRvjEVVLHjAwbmeseyWM1hrS5_a2QPMHGKf3oeSEmdhfzHB6gp0eQjYatMd1XsPJ5_Gq5I7g0pVnHbWDVt25RZJpbc9reHN2SQsBirEak1CYdgnnZyl-Vqre2a57eIfyLArJTijZeW9R8","created":true}
large 3 part 1: {"key":"runs/2026-09-01-r1/large/shard-03.bin","partNumber":1,"etag":"ecd7e86ed1dad952c42026eb4f75db41"}
large 3 part 2: {"key":"runs/2026-09-01-r1/large/shard-03.bin","partNumber":2,"etag":"bc70f866c7c97ae363d118a8617ecc4b"}
large 3 part 3: {"key":"runs/2026-09-01-r1/large/shard-03.bin","partNumber":3,"etag":"d8ee8b68f05abf6eabb7862a3eb76dbf"}
large 3 part 4: {"key":"runs/2026-09-01-r1/large/shard-03.bin","partNumber":4,"etag":"48bf3224ba678fd531baac40f9e426f9"}
large 3 part 5: {"key":"runs/2026-09-01-r1/large/shard-03.bin","partNumber":5,"etag":"2c66f79b72ffc0f7784016ad36dbbc0a"}
large 3 part 6: {"key":"runs/2026-09-01-r1/large/shard-03.bin","partNumber":6,"etag":"68b00cac986abc7ed7eea34b0ede63f3"}
large 3 part 7: {"key":"runs/2026-09-01-r1/large/shard-03.bin","partNumber":7,"etag":"f5f7c0174cb1af4603c1e1babdc67cb8"}
large 3 part 8: {"key":"runs/2026-09-01-r1/large/shard-03.bin","partNumber":8,"etag":"f6e594b3a1575af21b8f483b926e9fde"}
large 3 part 9: {"key":"runs/2026-09-01-r1/large/shard-03.bin","partNumber":9,"etag":"63af94adf1f8e903a136198166e5537c"}
large 3 part 10: {"key":"runs/2026-09-01-r1/large/shard-03.bin","partNumber":10,"etag":"c7750b52e250e56a5bef0c6aee40e14a"}
large 3 part 11: {"key":"runs/2026-09-01-r1/large/shard-03.bin","partNumber":11,"etag":"7cc7f08fda6a758aa95b2653482053fc"}
large 3 part 12: {"key":"runs/2026-09-01-r1/large/shard-03.bin","partNumber":12,"etag":"d7b440c9cb05e0be7a883ee122cd9414"}
large 3 part 13: {"key":"runs/2026-09-01-r1/large/shard-03.bin","partNumber":13,"etag":"8077619146aabe68782612cdd85ce2c9"}
large 3 part 14: {"key":"runs/2026-09-01-r1/large/shard-03.bin","partNumber":14,"etag":"ca92f03a617207624f56855f8a4a5a05"}
large 3 part 15: {"key":"runs/2026-09-01-r1/large/shard-03.bin","partNumber":15,"etag":"1e3660893519f63144f7a02010808dff"}
large 3 part 16: {"key":"runs/2026-09-01-r1/large/shard-03.bin","partNumber":16,"etag":"c6a5ece44b2877a71960c39a050b9b74"}
large 3 complete: {"key":"runs/2026-09-01-r1/large/shard-03.bin","size":1073741824}
chunk 4/1: {"key":"runs/2026-09-01-r1/chunked/shard-04-part-01.bin","size":67108864,"created":true}
chunk 4/2: {"key":"runs/2026-09-01-r1/chunked/shard-04-part-02.bin","size":67108864,"created":true}
chunk 4/3: {"key":"runs/2026-09-01-r1/chunked/shard-04-part-03.bin","size":67108864,"created":true}
chunk 4/4: {"key":"runs/2026-09-01-r1/chunked/shard-04-part-04.bin","size":67108864,"created":true}
chunk 4/5: {"key":"runs/2026-09-01-r1/chunked/shard-04-part-05.bin","size":67108864,"created":true}
chunk 4/6: {"key":"runs/2026-09-01-r1/chunked/shard-04-part-06.bin","size":67108864,"created":true}
chunk 4/7: {"key":"runs/2026-09-01-r1/chunked/shard-04-part-07.bin","size":67108864,"created":true}
chunk 4/8: {"key":"runs/2026-09-01-r1/chunked/shard-04-part-08.bin","size":67108864,"created":true}
chunk 4/9: {"key":"runs/2026-09-01-r1/chunked/shard-04-part-09.bin","size":67108864,"created":true}
chunk 4/10: {"key":"runs/2026-09-01-r1/chunked/shard-04-part-10.bin","size":67108864,"created":true}
chunk 4/11: {"key":"runs/2026-09-01-r1/chunked/shard-04-part-11.bin","size":67108864,"created":true}
chunk 4/12: {"key":"runs/2026-09-01-r1/chunked/shard-04-part-12.bin","size":67108864,"created":true}
chunk 4/13: {"key":"runs/2026-09-01-r1/chunked/shard-04-part-13.bin","size":67108864,"created":true}
chunk 4/14: {"key":"runs/2026-09-01-r1/chunked/shard-04-part-14.bin","size":67108864,"created":true}
chunk 4/15: {"key":"runs/2026-09-01-r1/chunked/shard-04-part-15.bin","size":67108864,"created":true}
chunk 4/16: {"key":"runs/2026-09-01-r1/chunked/shard-04-part-16.bin","size":67108864,"created":true}
large 4 init: {"key":"runs/2026-09-01-r1/large/shard-04.bin","uploadId":"AONaa_0mChPNK-oYCqIl8JJwDg7DBkL3kPxX7bVjZ2LOGAuY-7e3JsZyEZuhfVuzaTH0UeHMBj1uXU2HezahHTWsCdq_Pjrl5hDxMSUKx1cElAIxH4KmrwV3YKKjsK8oBUBwlOS3HUduy3l2Y5MJuc_lhTx8KubkdtGkvzZCJOsu4AkRewiWLhaa0a2yNmktA_hA6GY217-0puQguYHj8FYc_mfqbL79N-29uEz1srbJZiX3N9V3VGh7gwjX1yfY-X_LsvEV1ZWBiFB16b43bAJlyfGcVygOR--UpmFfLI5xrYFQp9DlmjCvtP58QoAS_UIfBq83mVkvdMukSoTY5O0","created":true}
large 4 part 1: {"key":"runs/2026-09-01-r1/large/shard-04.bin","partNumber":1,"etag":"89bb5382dd59fca8eddd2849af4ffaf3"}
large 4 part 2: {"key":"runs/2026-09-01-r1/large/shard-04.bin","partNumber":2,"etag":"70c23236d37fe68cb37c78cd3d64277a"}
large 4 part 3: {"key":"runs/2026-09-01-r1/large/shard-04.bin","partNumber":3,"etag":"1d70be13223d8d4bfd080cfaed5a40c3"}
large 4 part 4: {"key":"runs/2026-09-01-r1/large/shard-04.bin","partNumber":4,"etag":"0e1ff2969d3999a4b6f298ac2b0c9d10"}
large 4 part 5: {"key":"runs/2026-09-01-r1/large/shard-04.bin","partNumber":5,"etag":"b687d016fb0f9ff86b69c61e432bda06"}
large 4 part 6: {"key":"runs/2026-09-01-r1/large/shard-04.bin","partNumber":6,"etag":"bc740744282c2828d00c7bc18021f71c"}
large 4 part 7: {"key":"runs/2026-09-01-r1/large/shard-04.bin","partNumber":7,"etag":"5080c02abc30c20dc4164ffe700aaee2"}
large 4 part 8: {"key":"runs/2026-09-01-r1/large/shard-04.bin","partNumber":8,"etag":"d8eded82d488e99d1f35f80f8da4c1c2"}
large 4 part 9: {"key":"runs/2026-09-01-r1/large/shard-04.bin","partNumber":9,"etag":"b23627c13833086a34150e075b4f1804"}
large 4 part 10: {"key":"runs/2026-09-01-r1/large/shard-04.bin","partNumber":10,"etag":"6270bb887128247a8094d6a5dbfd90ea"}
large 4 part 11: {"key":"runs/2026-09-01-r1/large/shard-04.bin","partNumber":11,"etag":"292271b5825665b9b0de853ef92730b3"}
large 4 part 12: {"key":"runs/2026-09-01-r1/large/shard-04.bin","partNumber":12,"etag":"fbcbb80317e8583dc53ad0da3733a20f"}
large 4 part 13: {"key":"runs/2026-09-01-r1/large/shard-04.bin","partNumber":13,"etag":"78a7d29f4d32baf9636132a0c2159baf"}
large 4 part 14: {"key":"runs/2026-09-01-r1/large/shard-04.bin","partNumber":14,"etag":"0375d584c4bb03f290a032841473a99c"}
large 4 part 15: {"key":"runs/2026-09-01-r1/large/shard-04.bin","partNumber":15,"etag":"31873f8d3a520bcc528499a9200308fe"}
large 4 part 16: {"key":"runs/2026-09-01-r1/large/shard-04.bin","partNumber":16,"etag":"6b82210d42a0d6df22413400ca4467a9"}
large 4 complete: {"key":"runs/2026-09-01-r1/large/shard-04.bin","size":1073741824}
{"run":"2026-09-01-r1","shards":4,"parts":16,"chunkBytes":67108864,"objects":[{"key":"runs/2026-09-01-r1/large/shard-01.bin","size":1073741824,"cacheControl":"public, max-age=31536000, immutable"},{"key":"runs/2026-09-01-r1/chunked/shard-01-part-01.bin","size":67108864,"cacheControl":"public, max-age=31536000, immutable"},{"key":"runs/2026-09-01-r1/chunked/shard-01-part-02.bin","size":67108864,"cacheControl":"public, max-age=31536000, immutable"},{"key":"runs/2026-09-01-r1/chunked/shard-01-part-03.bin","size":67108864,"cacheControl":"public, max-age=31536000, immutable"},{"key":"runs/2026-09-01-r1/chunked/shard-01-part-04.bin","size":67108864,"cacheControl":"public, max-age=31536000, immutable"},{"key":"runs/2026-09-01-r1/chunked/shard-01-part-05.bin","size":67108864,"cacheControl":"public, max-age=31536000, immutable"},{"key":"runs/2026-09-01-r1/chunked/shard-01-part-06.bin","size":67108864,"cacheControl":"public, max-age=31536000, immutable"},{"key":"runs/2026-09-01-r1/chunked/shard-01-part-07.bin","size":67108864,"cacheControl":"public, max-age=31536000, immutable"},{"key":"runs/2026-09-01-r1/chunked/shard-01-part-08.bin","size":67108864,"cacheControl":"public, max-age=31536000, immutable"},{"key":"runs/2026-09-01-r1/chunked/shard-01-part-09.bin","size":67108864,"cacheControl":"public, max-age=31536000, immutable"},{"key":"runs/2026-09-01-r1/chunked/shard-01-part-10.bin","size":67108864,"cacheControl":"public, max-age=31536000, immutable"},{"key":"runs/2026-09-01-r1/chunked/shard-01-part-11.bin","size":67108864,"cacheControl":"public, max-age=31536000, immutable"},{"key":"runs/2026-09-01-r1/chunked/shard-01-part-12.bin","size":67108864,"cacheControl":"public, max-age=31536000, immutable"},{"key":"runs/2026-09-01-r1/chunked/shard-01-part-13.bin","size":67108864,"cacheControl":"public, max-age=31536000, immutable"},{"key":"runs/2026-09-01-r1/chunked/shard-01-part-14.bin","size":67108864,"cacheControl":"public, max-age=31536000, immutable"},{"key":"runs/2026-09-01-r1/chunked/shard-01-part-15.bin","size":67108864,"cacheControl":"public, max-age=31536000, immutable"},{"key":"runs/2026-09-01-r1/chunked/shard-01-part-16.bin","size":67108864,"cacheControl":"public, max-age=31536000, immutable"},{"key":"runs/2026-09-01-r1/large/shard-02.bin","size":1073741824,"cacheControl":"public, max-age=31536000, immutable"},{"key":"runs/2026-09-01-r1/chunked/shard-02-part-01.bin","size":67108864,"cacheControl":"public, max-age=31536000, immutable"},{"key":"runs/2026-09-01-r1/chunked/shard-02-part-02.bin","size":67108864,"cacheControl":"public, max-age=31536000, immutable"},{"key":"runs/2026-09-01-r1/chunked/shard-02-part-03.bin","size":67108864,"cacheControl":"public, max-age=31536000, immutable"},{"key":"runs/2026-09-01-r1/chunked/shard-02-part-04.bin","size":67108864,"cacheControl":"public, max-age=31536000, immutable"},{"key":"runs/2026-09-01-r1/chunked/shard-02-part-05.bin","size":67108864,"cacheControl":"public, max-age=31536000, immutable"},{"key":"runs/2026-09-01-r1/chunked/shard-02-part-06.bin","size":67108864,"cacheControl":"public, max-age=31536000, immutable"},{"key":"runs/2026-09-01-r1/chunked/shard-02-part-07.bin","size":67108864,"cacheControl":"public, max-age=31536000, immutable"},{"key":"runs/2026-09-01-r1/chunked/shard-02-part-08.bin","size":67108864,"cacheControl":"public, max-age=31536000, immutable"},{"key":"runs/2026-09-01-r1/chunked/shard-02-part-09.bin","size":67108864,"cacheControl":"public, max-age=31536000, immutable"},{"key":"runs/2026-09-01-r1/chunked/shard-02-part-10.bin","size":67108864,"cacheControl":"public, max-age=31536000, immutable"},{"key":"runs/2026-09-01-r1/chunked/shard-02-part-11.bin","size":67108864,"cacheControl":"public, max-age=31536000, immutable"},{"key":"runs/2026-09-01-r1/chunked/shard-02-part-12.bin","size":67108864,"cacheControl":"public, max-age=31536000, immutable"},{"key":"runs/2026-09-01-r1/chunked/shard-02-part-13.bin","size":67108864,"cacheControl":"public, max-age=31536000, immutable"},{"key":"runs/2026-09-01-r1/chunked/shard-02-part-14.bin","size":67108864,"cacheControl":"public, max-age=31536000, immutable"},{"key":"runs/2026-09-01-r1/chunked/shard-02-part-15.bin","size":67108864,"cacheControl":"public, max-age=31536000, immutable"},{"key":"runs/2026-09-01-r1/chunked/shard-02-part-16.bin","size":67108864,"cacheControl":"public, max-age=31536000, immutable"},{"key":"runs/2026-09-01-r1/large/shard-03.bin","size":1073741824,"cacheControl":"public, max-age=31536000, immutable"},{"key":"runs/2026-09-01-r1/chunked/shard-03-part-01.bin","size":67108864,"cacheControl":"public, max-age=31536000, immutable"},{"key":"runs/2026-09-01-r1/chunked/shard-03-part-02.bin","size":67108864,"cacheControl":"public, max-age=31536000, immutable"},{"key":"runs/2026-09-01-r1/chunked/shard-03-part-03.bin","size":67108864,"cacheControl":"public, max-age=31536000, immutable"},{"key":"runs/2026-09-01-r1/chunked/shard-03-part-04.bin","size":67108864,"cacheControl":"public, max-age=31536000, immutable"},{"key":"runs/2026-09-01-r1/chunked/shard-03-part-05.bin","size":67108864,"cacheControl":"public, max-age=31536000, immutable"},{"key":"runs/2026-09-01-r1/chunked/shard-03-part-06.bin","size":67108864,"cacheControl":"public, max-age=31536000, immutable"},{"key":"runs/2026-09-01-r1/chunked/shard-03-part-07.bin","size":67108864,"cacheControl":"public, max-age=31536000, immutable"},{"key":"runs/2026-09-01-r1/chunked/shard-03-part-08.bin","size":67108864,"cacheControl":"public, max-age=31536000, immutable"},{"key":"runs/2026-09-01-r1/chunked/shard-03-part-09.bin","size":67108864,"cacheControl":"public, max-age=31536000, immutable"},{"key":"runs/2026-09-01-r1/chunked/shard-03-part-10.bin","size":67108864,"cacheControl":"public, max-age=31536000, immutable"},{"key":"runs/2026-09-01-r1/chunked/shard-03-part-11.bin","size":67108864,"cacheControl":"public, max-age=31536000, immutable"},{"key":"runs/2026-09-01-r1/chunked/shard-03-part-12.bin","size":67108864,"cacheControl":"public, max-age=31536000, immutable"},{"key":"runs/2026-09-01-r1/chunked/shard-03-part-13.bin","size":67108864,"cacheControl":"public, max-age=31536000, immutable"},{"key":"runs/2026-09-01-r1/chunked/shard-03-part-14.bin","size":67108864,"cacheControl":"public, max-age=31536000, immutable"},{"key":"runs/2026-09-01-r1/chunked/shard-03-part-15.bin","size":67108864,"cacheControl":"public, max-age=31536000, immutable"},{"key":"runs/2026-09-01-r1/chunked/shard-03-part-16.bin","size":67108864,"cacheControl":"public, max-age=31536000, immutable"},{"key":"runs/2026-09-01-r1/large/shard-04.bin","size":1073741824,"cacheControl":"public, max-age=31536000, immutable"},{"key":"runs/2026-09-01-r1/chunked/shard-04-part-01.bin","size":67108864,"cacheControl":"public, max-age=31536000, immutable"},{"key":"runs/2026-09-01-r1/chunked/shard-04-part-02.bin","size":67108864,"cacheControl":"public, max-age=31536000, immutable"},{"key":"runs/2026-09-01-r1/chunked/shard-04-part-03.bin","size":67108864,"cacheControl":"public, max-age=31536000, immutable"},{"key":"runs/2026-09-01-r1/chunked/shard-04-part-04.bin","size":67108864,"cacheControl":"public, max-age=31536000, immutable"},{"key":"runs/2026-09-01-r1/chunked/shard-04-part-05.bin","size":67108864,"cacheControl":"public, max-age=31536000, immutable"},{"key":"runs/2026-09-01-r1/chunked/shard-04-part-06.bin","size":67108864,"cacheControl":"public, max-age=31536000, immutable"},{"key":"runs/2026-09-01-r1/chunked/shard-04-part-07.bin","size":67108864,"cacheControl":"public, max-age=31536000, immutable"},{"key":"runs/2026-09-01-r1/chunked/shard-04-part-08.bin","size":67108864,"cacheControl":"public, max-age=31536000, immutable"},{"key":"runs/2026-09-01-r1/chunked/shard-04-part-09.bin","size":67108864,"cacheControl":"public, max-age=31536000, immutable"},{"key":"runs/2026-09-01-r1/chunked/shard-04-part-10.bin","size":67108864,"cacheControl":"public, max-age=31536000, immutable"},{"key":"runs/2026-09-01-r1/chunked/shard-04-part-11.bin","size":67108864,"cacheControl":"public, max-age=31536000, immutable"},{"key":"runs/2026-09-01-r1/chunked/shard-04-part-12.bin","size":67108864,"cacheControl":"public, max-age=31536000, immutable"},{"key":"runs/2026-09-01-r1/chunked/shard-04-part-13.bin","size":67108864,"cacheControl":"public, max-age=31536000, immutable"},{"key":"runs/2026-09-01-r1/chunked/shard-04-part-14.bin","size":67108864,"cacheControl":"public, max-age=31536000, immutable"},{"key":"runs/2026-09-01-r1/chunked/shard-04-part-15.bin","size":67108864,"cacheControl":"public, max-age=31536000, immutable"},{"key":"runs/2026-09-01-r1/chunked/shard-04-part-16.bin","size":67108864,"cacheControl":"public, max-age=31536000, immutable"}]}exit=0
