1 1
2 25
3 25
4 27
5 27
6 22
7 18
8 16
9 14
10 17
11 19
12 10
13 19
14 18
15 21
16 15
17 20
18 20
19 17
21 18
22 19
23 23
24 15
25 19
26 19
27 20
28 26
29 17
30 17
31 16
32 11
33 14
34 19
35 21
36 17
37 14
38 17
39 20
40 20
41 19
42 18
43 26
44 30
46 30
47 25
48 34
49 25
50 17
51 15
52 16
53 12
54 10
55 18
56 22
57 18
58 16
59 18
60 17
61 13
62 11
63 17
64 16
65 13
66 17
67 16
69 15
70 13
71 14
72 11
73 12
74 12
75 15
76 16
77 13
78 21
79 33
80 21
81 31
82 36
83 17
84 26
85 17
86 12
87 16
88 16
89 10
90 15
91 19
93 22
94 22
95 14
96 10
97 7
98 7
99 8
100 11
101 14
102 12
103 17
104 17
105 14
106 17
107 16
108 13
109 14
110 11
111 12
112 8
113 13
114 17
115 19
117 13
118 15
119 16
120 18
121 18
122 16
123 16
124 19
125 19
126 18
127 26
128 26
129 22
130 23
131 19
132 20
133 23
134 24
135 23
136 21
137 21
138 21
139 21
140 21
142 17
143 10
144 17
145 21
146 17
147 29
148 19
149 21
150 23
151 26
152 32
153 38
154 12
155 15
156 14
157 19
158 16
159 17
160 17
161 20
162 14
163 19
164 17
166 21
167 18
168 21
169 31
170 22
171 27
172 30
173 22
174 27
175 39
176 25
177 24
178 22
179 22
180 27
181 18
182 13
183 22
184 18
185 27
186 31
188 27
189 24
190 18
191 22
192 17
193 47
194 78
195 80
196 72
197 78
198 76
199 73
200 76
201 71
202 56
203 71
204 72
205 79
206 78
207 41
208 0
209 0
210 0
